Microchip MPLAB XC8 Compiler V2.41

Linker command line:

-W-3 \
  --edf=C:\Program Files\Microchip\xc8\v2.41\pic\dat\20230208172133_en.msgs \
  -cn -h+dist/default/production\LED_Driver.production.sym \
  --cmf=dist/default/production\LED_Driver.production.cmf -z -Q18F4620 \
  -oC:\Users\maag7\AppData\Local\Temp\xcAs6vs.\driver_tmp_3.o \
  --defsym=__MPLAB_BUILD=1 --fixupoverflow=error \
  -Mdist/default/production/LED_Driver.production.map \
  --md=C:\Users\maag7\AppData\Local\Temp\xcAs6vs.\driver_tmp_0.dat -E1 \
  -ver=XC8 Compiler --acfsm=1493 -ACODE=00h-0FFFFh -ACONST=00h-0FFFFh \
  -ASMALLCONST=01000h-010FFhx240 -AMEDIUMCONST=01000h-0FFFFh \
  -ACOMRAM=01h-07Fh -AABS1=00h-0F7Fh -ABIGRAM=01h-0F7Fh \
  -ARAM=080h-0FFh,0100h-01FFhx14,0F00h-0F7Fh -ABANK0=080h-0FFh \
  -ABANK1=0100h-01FFh -ABANK2=0200h-02FFh -ABANK3=0300h-03FFh \
  -ABANK4=0400h-04FFh -ABANK5=0500h-05FFh -ABANK6=0600h-06FFh \
  -ABANK7=0700h-07FFh -ABANK8=0800h-08FFh -ABANK9=0900h-09FFh \
  -ABANK10=0A00h-0AFFh -ABANK11=0B00h-0BFFh -ABANK12=0C00h-0CFFh \
  -ABANK13=0D00h-0DFFh -ABANK14=0E00h-0EFFh -ABANK15=0F00h-0F7Fh \
  -ASFR=0F80h-0FFFh -ABIGSFR=0F80h-0FFFh -ACONFIG=0300000h-030000Dh \
  -AIDLOC=0200000h-0200007h -AEEDATA=0F00000h-0F003FFh -peeprom_data=EEDATA \
  -preset_vec=00h,intcode,intcodelo,powerup,init -pramtop=01000h \
  -psmallconst=SMALLCONST -pmediumconst=MEDIUMCONST -pconst=CONST \
  -AFARRAM=00h-00h \
  -prdata=COMRAM,nvrram=COMRAM,nvbit=COMRAM,rbss=COMRAM,rbit=COMRAM \
  -pfarbss=FARRAM,fardata=FARRAM,nvFARRAM=FARRAM \
  -pintsave_regs=BIGRAM,bigbss=BIGRAM,bigdata=BIGRAM -pbss=RAM \
  -pidata=CODE,irdata=CODE,ibigdata=CODE,ifardata=CODE -prparam=COMRAM \
  C:\Users\maag7\AppData\Local\Temp\xcAs6vs.\driver_tmp_9.o \
  dist/default/production\LED_Driver.production.o 

Object code version is 3.11

Machine type is 18F4620



                Name                               Link     Load   Length Selector   Space Scale
C:\Users\maag7\AppData\Local\Temp\xcAs6vs.\driver_tmp_9.o
                idloc                            200000   200000        8        0       5
                config                           300000   300000        E        0       4
                init                                  0        0        4        0       0
dist/default/production\LED_Driver.production.o
                idloc                            200000   200000        8        0       5
                config                           300000   300000        E        0       4
                text9                              FB02     FB02       7A     7D81       0
                text8                              FA8C     FA8C       76     7D46       0
                text7                              FDCC     FDCC      10E     7EE6       0
                text6                              FB7C     FB7C       7A     7DBE       0
                text5                              FBF6     FBF6       7A     7DFB       0
                text4                              FEDA     FEDA      126     7F6D       0
                text3                              FA3E     FA3E       4E     7D1F       0
                text2                              FC70     FC70       7E     7E38       0
                text1                              F9D8     F9D8       32     7CEC       0
                text0                              FCEE     FCEE       DE     7E77       0
                cstackCOMRAM                         23       23       14        1       1
                dataCOMRAM                            1        1       22        1       1
                bssCOMRAM                            37       37        5        1       1
                cinit                              FA0A     FA0A       34     7D05       0
                idataCOMRAM                        F9B6     F9B6       22     F9B6       0

TOTAL           Name                               Link     Load   Length     Space
        CLASS   CODE           
                init                                  0        0        4         0
                text9                              FB02     FB02       7A         0
                text8                              FA8C     FA8C       76         0
                text7                              FDCC     FDCC      10E         0
                text6                              FB7C     FB7C       7A         0
                text5                              FBF6     FBF6       7A         0
                text4                              FEDA     FEDA      126         0
                text3                              FA3E     FA3E       4E         0
                text2                              FC70     FC70       7E         0
                text1                              F9D8     F9D8       32         0
                text0                              FCEE     FCEE       DE         0
                cinit                              FA0A     FA0A       34         0
                idataCOMRAM                        F9B6     F9B6       22         0

        CLASS   CONST          

        CLASS   SMALLCONST     

        CLASS   MEDIUMCONST    

        CLASS   COMRAM         
                cstackCOMRAM                         23       23       14         1
                dataCOMRAM                            1        1       22         1
                bssCOMRAM                            37       37        5         1

        CLASS   ABS1           

        CLASS   BIGRAM         

        CLASS   RAM            

        CLASS   BANK0          

        CLASS   BANK1          

        CLASS   BANK2          

        CLASS   BANK3          

        CLASS   BANK4          

        CLASS   BANK5          

        CLASS   BANK6          

        CLASS   BANK7          

        CLASS   BANK8          

        CLASS   BANK9          

        CLASS   BANK10         

        CLASS   BANK11         

        CLASS   BANK12         

        CLASS   BANK13         

        CLASS   BANK14         

        CLASS   BANK15         

        CLASS   SFR            

        CLASS   BIGSFR         

        CLASS   CONFIG         
                config                           300000   300000        E         4

        CLASS   IDLOC          
                idloc                            200000   200000        8         5

        CLASS   EEDATA         

        CLASS   FARRAM         

        CLASS   HEAP           

        CLASS   STACK          



SEGMENTS        Name                           Load    Length   Top    Selector   Space  Class

                reset_vec                      000000  000004  000004         0       0  CODE    
                dataCOMRAM                     000001  00003B  00003C         1       1  COMRAM  
                idataCOMRAM                    00F9B6  000022  00F9D8      F9B6       0  CODE    
                text1                          00F9D8  000032  00FA0A      7CEC       0  CODE    
                cinit                          00FA0A  000034  00FA3E      7D05       0  CODE    
                text3                          00FA3E  00004E  00FA8C      7D1F       0  CODE    
                text8                          00FA8C  000076  00FB02      7D46       0  CODE    
                text9                          00FB02  00007A  00FB7C      7D81       0  CODE    
                text6                          00FB7C  00007A  00FBF6      7DBE       0  CODE    
                text5                          00FBF6  00007A  00FC70      7DFB       0  CODE    
                text2                          00FC70  00007E  00FCEE      7E38       0  CODE    
                text0                          00FCEE  0000DE  00FDCC      7E77       0  CODE    
                text7                          00FDCC  00010E  00FEDA      7EE6       0  CODE    
                text4                          00FEDA  000126  010000      7F6D       0  CODE    


UNUSED ADDRESS RANGES

        Name                Unused          Largest block    Delta
        BANK0            000080-0000FF               80
        BANK1            000100-0001FF              100
        BANK10           000A00-000AFF              100
        BANK11           000B00-000BFF              100
        BANK12           000C00-000CFF              100
        BANK13           000D00-000DFF              100
        BANK14           000E00-000EFF              100
        BANK15           000F00-000F7F               80
        BANK2            000200-0002FF              100
        BANK3            000300-0003FF              100
        BANK4            000400-0004FF              100
        BANK5            000500-0005FF              100
        BANK6            000600-0006FF              100
        BANK7            000700-0007FF              100
        BANK8            000800-0008FF              100
        BANK9            000900-0009FF              100
        BIGRAM           00003C-000F7F              F44
        BIGSFR           000F80-000FFF               80
        CODE             000004-00F9B5             F9B2
        COMRAM           00003C-00007F               44
        CONST            000004-00F9B5             F9B2
        EEDATA           F00000-F003FF              400
        MEDIUMCONST      001000-00F9B5             E9B6
        RAM              000080-000F7F              100
        SFR              000F80-000FFF               80
        SMALLCONST       001000-00F9B5              100

                                  Symbol Table

LED_initialize@F2885                   bssCOMRAM    00003A
LED_initialize@led                     cstackCOMRAM 000030
LED_initialize@pin_config              cstackCOMRAM 000034
LED_initialize@ret                     cstackCOMRAM 000033
LED_toggle@F2900                       bssCOMRAM    000037
LED_toggle@led                         cstackCOMRAM 00002B
LED_toggle@pin_config                  cstackCOMRAM 00002E
LED_turn_off@F2895                     bssCOMRAM    000038
LED_turn_off@led                       cstackCOMRAM 00002D
LED_turn_off@pin_config                cstackCOMRAM 000030
LED_turn_on@F2890                      bssCOMRAM    000039
LED_turn_on@led                        cstackCOMRAM 00002D
LED_turn_on@pin_config                 cstackCOMRAM 000030
_LATA                                  (abs)        000F89
_LATB                                  (abs)        000F8A
_LATC                                  (abs)        000F8B
_LATD                                  (abs)        000F8C
_LATE                                  (abs)        000F8D
_LED_initialize                        text2        00FC70
_LED_toggle                            text8        00FA8C
_LED_turn_off                          text6        00FB7C
_LED_turn_on                           text5        00FBF6
_Lat_Register                          dataCOMRAM   00000B
_PORTA                                 (abs)        000F80
_PORTB                                 (abs)        000F81
_PORTC                                 (abs)        000F82
_PORTD                                 (abs)        000F83
_PORTE                                 (abs)        000F84
_Port_Register                         dataCOMRAM   000001
_TRISA                                 (abs)        000F92
_TRISB                                 (abs)        000F93
_TRISC                                 (abs)        000F94
_TRISD                                 (abs)        000F95
_TRISE                                 (abs)        000F96
_Tris_Register                         dataCOMRAM   000015
__HRAM                                 (abs)        000000
__H__absolute__                        __absolute__ 000000
__Habs1                                abs1         000000
__Hbank0                               bank0        000000
__Hbank1                               bank1        000000
__Hbank10                              bank10       000000
__Hbank11                              bank11       000000
__Hbank12                              bank12       000000
__Hbank13                              bank13       000000
__Hbank14                              bank14       000000
__Hbank15                              bank15       000000
__Hbank2                               bank2        000000
__Hbank3                               bank3        000000
__Hbank4                               bank4        000000
__Hbank5                               bank5        000000
__Hbank6                               bank6        000000
__Hbank7                               bank7        000000
__Hbank8                               bank8        000000
__Hbank9                               bank9        000000
__Hbigbss                              bigbss       000000
__Hbigdata                             bigdata      000000
__Hbigram                              bigram       000000
__Hbigsfr                              bigsfr       000000
__Hbss                                 bss          000000
__HbssCOMRAM                           bssCOMRAM    000000
__Hcinit                               cinit        000000
__Hclrtext                             clrtext      000000
__Hcomram                              comram       000000
__Hconfig                              config       30000E
__Hconst                               const        000000
__HcstackCOMRAM                        cstackCOMRAM 000000
__Hdata                                data         000000
__HdataCOMRAM                          dataCOMRAM   000000
__Heeprom_data                         eeprom_data  000000
__Hfarbss                              farbss       000000
__Hfardata                             fardata      000000
__Hheap                                heap         000000
__Hibigdata                            ibigdata     000000
__Hidata                               idata        000000
__HidataCOMRAM                         idataCOMRAM  000000
__Hidloc                               idloc        200008
__Hifardata                            ifardata     000000
__Hinit                                init         000004
__Hintcode                             intcode      000000
__Hintcode_body                        intcode_body 000000
__Hintcodelo                           intcodelo    000000
__Hintentry                            intentry     000000
__Hintret                              intret       000000
__Hintsave_regs                        intsave_regs 000000
__Hirdata                              irdata       000000
__Hmediumconst                         mediumconst  000000
__HnvFARRAM                            nvFARRAM     000000
__Hnvbit                               nvbit        000000
__Hnvrram                              nvrram       000000
__Hparam                               rparam       000000
__Hpowerup                             powerup      000000
__Hram                                 ram          000000
__Hramtop                              ramtop       001000
__Hrbit                                rbit         000000
__Hrbss                                rbss         000000
__Hrdata                               rdata        000000
__Hreset_vec                           reset_vec    000000
__Hrparam                              rparam       000000
__Hsfr                                 sfr          000000
__Hsmallconst                          smallconst   000000
__Hspace_0                             (abs)        010000
__Hspace_1                             (abs)        00003C
__Hspace_2                             (abs)        000000
__Hspace_4                             (abs)        60000E
__Hstack                               stack        000000
__Hstruct                              struct       000000
__Htemp                                temp         000000
__Htext                                text         000000
__Htext0                               text0        000000
__Htext1                               text1        000000
__Htext2                               text2        000000
__Htext3                               text3        000000
__Htext4                               text4        000000
__Htext5                               text5        000000
__Htext6                               text6        000000
__Htext7                               text7        000000
__Htext8                               text8        000000
__Htext9                               text9        000000
__LRAM                                 (abs)        000001
__L__absolute__                        __absolute__ 000000
__Labs1                                abs1         000000
__Lbank0                               bank0        000000
__Lbank1                               bank1        000000
__Lbank10                              bank10       000000
__Lbank11                              bank11       000000
__Lbank12                              bank12       000000
__Lbank13                              bank13       000000
__Lbank14                              bank14       000000
__Lbank15                              bank15       000000
__Lbank2                               bank2        000000
__Lbank3                               bank3        000000
__Lbank4                               bank4        000000
__Lbank5                               bank5        000000
__Lbank6                               bank6        000000
__Lbank7                               bank7        000000
__Lbank8                               bank8        000000
__Lbank9                               bank9        000000
__Lbigbss                              bigbss       000000
__Lbigdata                             bigdata      000000
__Lbigram                              bigram       000000
__Lbigsfr                              bigsfr       000000
__Lbss                                 bss          000000
__LbssCOMRAM                           bssCOMRAM    000000
__Lcinit                               cinit        000000
__Lclrtext                             clrtext      000000
__Lcomram                              comram       000000
__Lconfig                              config       000000
__Lconst                               const        000000
__LcstackCOMRAM                        cstackCOMRAM 000000
__Ldata                                data         000000
__LdataCOMRAM                          dataCOMRAM   000000
__Leeprom_data                         eeprom_data  000000
__Lfarbss                              farbss       000000
__Lfardata                             fardata      000000
__Lheap                                heap         000000
__Libigdata                            ibigdata     000000
__Lidata                               idata        000000
__LidataCOMRAM                         idataCOMRAM  000000
__Lidloc                               idloc        000000
__Lifardata                            ifardata     000000
__Linit                                init         000000
__Lintcode                             intcode      000000
__Lintcode_body                        intcode_body 000000
__Lintcodelo                           intcodelo    000000
__Lintentry                            intentry     000000
__Lintret                              intret       000000
__Lintsave_regs                        intsave_regs 000000
__Lirdata                              irdata       000000
__Lmediumconst                         mediumconst  000000
__LnvFARRAM                            nvFARRAM     000000
__Lnvbit                               nvbit        000000
__Lnvrram                              nvrram       000000
__Lparam                               rparam       000000
__Lpowerup                             powerup      000000
__Lram                                 ram          000000
__Lramtop                              ramtop       001000
__Lrbit                                rbit         000000
__Lrbss                                rbss         000000
__Lrdata                               rdata        000000
__Lreset_vec                           reset_vec    000000
__Lrparam                              rparam       000000
__Lsfr                                 sfr          000000
__Lsmallconst                          smallconst   000000
__Lspace_0                             (abs)        000000
__Lspace_1                             (abs)        000000
__Lspace_2                             (abs)        000000
__Lspace_4                             (abs)        000000
__Lstack                               stack        000000
__Lstruct                              struct       000000
__Ltemp                                temp         000000
__Ltext                                text         000000
__Ltext0                               text0        000000
__Ltext1                               text1        000000
__Ltext2                               text2        000000
__Ltext3                               text3        000000
__Ltext4                               text4        000000
__Ltext5                               text5        000000
__Ltext6                               text6        000000
__Ltext7                               text7        000000
__Ltext8                               text8        000000
__Ltext9                               text9        000000
__S0                                   (abs)        010000
__S1                                   (abs)        00003C
__S4                                   (abs)        000000
__S5                                   (abs)        000000
___heap_hi                             (abs)        000000
___heap_lo                             (abs)        000000
___inthi_sp                            stack        000000
___intlo_sp                            stack        000000
___param_bank                          (abs)        000000
___rparam_used                         (abs)        000001
___sp                                  stack        000000
__accesstop                            (abs)        000080
__activetblptr                         (abs)        000002
__end_of_LED_initialize                text2        00FCEE
__end_of_LED_toggle                    text8        00FB02
__end_of_LED_turn_off                  text6        00FBF6
__end_of_LED_turn_on                   text5        00FC70
__end_of__initialization               cinit        00FA34
__end_of_application_initialize        text1        00FA0A
__end_of_gpio_pin_directoin_initialize text4        010000
__end_of_gpio_pin_initialize           text3        00FA8C
__end_of_gpio_pin_toggle               text9        00FB7C
__end_of_gpio_pin_write_logic          text7        00FEDA
__end_of_main                          text0        00FDCC
__initialization                       cinit        00FA0A
__mediumconst                          mediumconst  000000
__pbssCOMRAM                           bssCOMRAM    000037
__pcinit                               cinit        00FA0A
__pcstackCOMRAM                        cstackCOMRAM 000023
__pdataCOMRAM                          dataCOMRAM   000001
__pidataCOMRAM                         idataCOMRAM  00F9B6
__ptext0                               text0        00FCEE
__ptext1                               text1        00F9D8
__ptext2                               text2        00FC70
__ptext3                               text3        00FA3E
__ptext4                               text4        00FEDA
__ptext5                               text5        00FBF6
__ptext6                               text6        00FB7C
__ptext7                               text7        00FDCC
__ptext8                               text8        00FA8C
__ptext9                               text9        00FB02
__ramtop                               ramtop       001000
__smallconst                           smallconst   000000
_application_initialize                text1        00F9D8
_gpio_pin_directoin_initialize         text4        00FEDA
_gpio_pin_initialize                   text3        00FA3E
_gpio_pin_toggle                       text9        00FB02
_gpio_pin_write_logic                  text7        00FDCC
_led_RC0                               dataCOMRAM   000022
_led_RC1                               dataCOMRAM   000021
_led_RC2                               dataCOMRAM   000020
_led_RC3                               dataCOMRAM   00001F
_main                                  text0        00FCEE
_ret                                   bssCOMRAM    00003B
end_of_initialization                  cinit        00FA34
gpio_pin_directoin_initialize@pin      cstackCOMRAM 000023
gpio_pin_directoin_initialize@ret      cstackCOMRAM 00002B
gpio_pin_initialize@pin                cstackCOMRAM 00002D
gpio_pin_initialize@ret                cstackCOMRAM 00002F
gpio_pin_toggle@pin                    cstackCOMRAM 000023
gpio_pin_toggle@ret                    cstackCOMRAM 00002A
gpio_pin_write_logic@logic             cstackCOMRAM 000025
gpio_pin_write_logic@pin               cstackCOMRAM 000023
gpio_pin_write_logic@ret               cstackCOMRAM 00002C
intlevel0                              text         000000
intlevel1                              text         000000
intlevel2                              text         000000
intlevel3                              text         000000
isa$std                                (abs)        000001
isa$xinst                              (abs)        000000
stackhi                                (abs)        000000
stacklo                                (abs)        000000
start                                  init         000000
start_initialization                   cinit        00FA0A


MODULE INFORMATION

Module		Function		Class		Link	Load	Size
Application.c
		_application_initialize		CODE           	F9D8	0000	50
		_main          		CODE           	FCEE	0000	222

Application.c estimated size: 272

ECU_Layer/LED/LED_Driver.c
		_LED_turn_on   		CODE           	FBF6	0000	122
		_LED_turn_off  		CODE           	FB7C	0000	122
		_LED_toggle    		CODE           	FA8C	0000	118
		_LED_initialize		CODE           	FC70	0000	126

ECU_Layer/LED/LED_Driver.c estimated size: 488

shared
		__initialization		CODE           	FA0A	0000	42

shared estimated size: 42

MCAL_Layer/GPIO/HAL_GPIO.c
		_gpio_pin_toggle		CODE           	FB02	0000	122
		_gpio_pin_write_logic		CODE           	FDCC	0000	270
		_gpio_pin_directoin_initialize		CODE           	FEDA	0000	294
		_gpio_pin_initialize		CODE           	FA3E	0000	78

MCAL_Layer/GPIO/HAL_GPIO.c estimated size: 764

