Microchip MPLAB XC8 Compiler V2.41

Linker command line:

-W-3 \
  --edf=C:\Program Files\Microchip\xc8\v2.41\pic\dat\20230208172133_en.msgs \
  -cn -h+dist/default/production\Push_Button_Driver.production.sym \
  --cmf=dist/default/production\Push_Button_Driver.production.cmf -z \
  -Q18F4620 -oC:\Users\maag7\AppData\Local\Temp\xcAs23s.\driver_tmp_3.o \
  --defsym=__MPLAB_BUILD=1 --fixupoverflow=error \
  -Mdist/default/production/Push_Button_Driver.production.map \
  --md=C:\Users\maag7\AppData\Local\Temp\xcAs23s.\driver_tmp_0.dat -E1 \
  -ver=XC8 Compiler --acfsm=1493 -ACODE=00h-0FFFFh -ACONST=00h-0FFFFh \
  -ASMALLCONST=01000h-010FFhx240 -AMEDIUMCONST=01000h-0FFFFh \
  -ACOMRAM=01h-07Fh -AABS1=00h-0F7Fh -ABIGRAM=01h-0F7Fh \
  -ARAM=080h-0FFh,0100h-01FFhx14,0F00h-0F7Fh -ABANK0=080h-0FFh \
  -ABANK1=0100h-01FFh -ABANK2=0200h-02FFh -ABANK3=0300h-03FFh \
  -ABANK4=0400h-04FFh -ABANK5=0500h-05FFh -ABANK6=0600h-06FFh \
  -ABANK7=0700h-07FFh -ABANK8=0800h-08FFh -ABANK9=0900h-09FFh \
  -ABANK10=0A00h-0AFFh -ABANK11=0B00h-0BFFh -ABANK12=0C00h-0CFFh \
  -ABANK13=0D00h-0DFFh -ABANK14=0E00h-0EFFh -ABANK15=0F00h-0F7Fh \
  -ASFR=0F80h-0FFFh -ABIGSFR=0F80h-0FFFh -ACONFIG=0300000h-030000Dh \
  -AIDLOC=0200000h-0200007h -AEEDATA=0F00000h-0F003FFh -peeprom_data=EEDATA \
  -preset_vec=00h,intcode,intcodelo,powerup,init -pramtop=01000h \
  -psmallconst=SMALLCONST -pmediumconst=MEDIUMCONST -pconst=CONST \
  -AFARRAM=00h-00h \
  -prdata=COMRAM,nvrram=COMRAM,nvbit=COMRAM,rbss=COMRAM,rbit=COMRAM \
  -pfarbss=FARRAM,fardata=FARRAM,nvFARRAM=FARRAM \
  -pintsave_regs=BIGRAM,bigbss=BIGRAM,bigdata=BIGRAM -pbss=RAM \
  -pidata=CODE,irdata=CODE,ibigdata=CODE,ifardata=CODE -prparam=COMRAM \
  C:\Users\maag7\AppData\Local\Temp\xcAs23s.\driver_tmp_9.o \
  dist/default/production\Push_Button_Driver.production.o 

Object code version is 3.11

Machine type is 18F4620



                Name                               Link     Load   Length Selector   Space Scale
C:\Users\maag7\AppData\Local\Temp\xcAs23s.\driver_tmp_9.o
                idloc                            200000   200000        8        0       5
                config                           300000   300000        E        0       4
                init                                  0        0        4        0       0
dist/default/production\Push_Button_Driver.production.o
                idloc                            200000   200000        8        0       5
                config                           300000   300000        E        0       4
                text7                              FF2A     FF2A       D6     7F95       0
                text6                              FC62     FC62       18     7E31       0
                text5                              FE62     FE62       C8     7F31       0
                text4                              FCC8     FCC8       34     7E64       0
                text3                              FC7A     FC7A       22     7E3D       0
                text2                              FD30     FD30       5E     7E98       0
                text1                              FDF6     FDF6       6C     7EFB       0
                text0                              FD8E     FD8E       68     7EC7       0
                cstackCOMRAM                         2D       2D        B        1       1
                dataCOMRAM                            1        1       2C        1       1
                bssCOMRAM                            38       38        5        1       1
                cinit                              FCFC     FCFC       34     7E7E       0
                idataCOMRAM                        FC9C     FC9C       2C     FC9C       0

TOTAL           Name                               Link     Load   Length     Space
        CLASS   CODE           
                init                                  0        0        4         0
                text7                              FF2A     FF2A       D6         0
                text6                              FC62     FC62       18         0
                text5                              FE62     FE62       C8         0
                text4                              FCC8     FCC8       34         0
                text3                              FC7A     FC7A       22         0
                text2                              FD30     FD30       5E         0
                text1                              FDF6     FDF6       6C         0
                text0                              FD8E     FD8E       68         0
                cinit                              FCFC     FCFC       34         0
                idataCOMRAM                        FC9C     FC9C       2C         0

        CLASS   CONST          

        CLASS   SMALLCONST     

        CLASS   MEDIUMCONST    

        CLASS   COMRAM         
                cstackCOMRAM                         2D       2D        B         1
                dataCOMRAM                            1        1       2C         1
                bssCOMRAM                            38       38        5         1

        CLASS   ABS1           

        CLASS   BIGRAM         

        CLASS   RAM            

        CLASS   BANK0          

        CLASS   BANK1          

        CLASS   BANK2          

        CLASS   BANK3          

        CLASS   BANK4          

        CLASS   BANK5          

        CLASS   BANK6          

        CLASS   BANK7          

        CLASS   BANK8          

        CLASS   BANK9          

        CLASS   BANK10         

        CLASS   BANK11         

        CLASS   BANK12         

        CLASS   BANK13         

        CLASS   BANK14         

        CLASS   BANK15         

        CLASS   SFR            

        CLASS   BIGSFR         

        CLASS   CONFIG         
                config                           300000   300000        E         4

        CLASS   IDLOC          
                idloc                            200000   200000        8         5

        CLASS   EEDATA         

        CLASS   FARRAM         

        CLASS   HEAP           

        CLASS   STACK          



SEGMENTS        Name                           Load    Length   Top    Selector   Space  Class

                reset_vec                      000000  000004  000004         0       0  CODE    
                dataCOMRAM                     000001  00003C  00003D         1       1  COMRAM  
                text6                          00FC62  000018  00FC7A      7E31       0  CODE    
                text3                          00FC7A  000022  00FC9C      7E3D       0  CODE    
                idataCOMRAM                    00FC9C  00002C  00FCC8      FC9C       0  CODE    
                text4                          00FCC8  000034  00FCFC      7E64       0  CODE    
                cinit                          00FCFC  000034  00FD30      7E7E       0  CODE    
                text2                          00FD30  00005E  00FD8E      7E98       0  CODE    
                text0                          00FD8E  000068  00FDF6      7EC7       0  CODE    
                text1                          00FDF6  00006C  00FE62      7EFB       0  CODE    
                text5                          00FE62  0000C8  00FF2A      7F31       0  CODE    
                text7                          00FF2A  0000D6  010000      7F95       0  CODE    


UNUSED ADDRESS RANGES

        Name                Unused          Largest block    Delta
        BANK0            000080-0000FF               80
        BANK1            000100-0001FF              100
        BANK10           000A00-000AFF              100
        BANK11           000B00-000BFF              100
        BANK12           000C00-000CFF              100
        BANK13           000D00-000DFF              100
        BANK14           000E00-000EFF              100
        BANK15           000F00-000F7F               80
        BANK2            000200-0002FF              100
        BANK3            000300-0003FF              100
        BANK4            000400-0004FF              100
        BANK5            000500-0005FF              100
        BANK6            000600-0006FF              100
        BANK7            000700-0007FF              100
        BANK8            000800-0008FF              100
        BANK9            000900-0009FF              100
        BIGRAM           00003D-000F7F              F43
        BIGSFR           000F80-000FFF               80
        CODE             000004-00FC61             FC5E
        COMRAM           00003D-00007F               43
        CONST            000004-00FC61             FC5E
        EEDATA           F00000-F003FF              400
        MEDIUMCONST      001000-00FC61             EC62
        RAM              000080-000F7F              100
        SFR              000F80-000FFF               80
        SMALLCONST       001000-00FC61              100

                                  Symbol Table

_LATA                                  (abs)        000F89
_LATB                                  (abs)        000F8A
_LATC                                  (abs)        000F8B
_LATD                                  (abs)        000F8C
_LATE                                  (abs)        000F8D
_Lat_Register                          dataCOMRAM   00000B
_PORTA                                 (abs)        000F80
_PORTB                                 (abs)        000F81
_PORTC                                 (abs)        000F82
_PORTD                                 (abs)        000F83
_PORTE                                 (abs)        000F84
_Port_Register                         dataCOMRAM   000001
_Program_Selected                      bssCOMRAM    00003A
_TRISA                                 (abs)        000F92
_TRISB                                 (abs)        000F93
_TRISC                                 (abs)        000F94
_TRISD                                 (abs)        000F95
_TRISE                                 (abs)        000F96
_Tris_Register                         dataCOMRAM   000015
__HRAM                                 (abs)        000000
__H__absolute__                        __absolute__ 000000
__Habs1                                abs1         000000
__Hbank0                               bank0        000000
__Hbank1                               bank1        000000
__Hbank10                              bank10       000000
__Hbank11                              bank11       000000
__Hbank12                              bank12       000000
__Hbank13                              bank13       000000
__Hbank14                              bank14       000000
__Hbank15                              bank15       000000
__Hbank2                               bank2        000000
__Hbank3                               bank3        000000
__Hbank4                               bank4        000000
__Hbank5                               bank5        000000
__Hbank6                               bank6        000000
__Hbank7                               bank7        000000
__Hbank8                               bank8        000000
__Hbank9                               bank9        000000
__Hbigbss                              bigbss       000000
__Hbigdata                             bigdata      000000
__Hbigram                              bigram       000000
__Hbigsfr                              bigsfr       000000
__Hbss                                 bss          000000
__HbssCOMRAM                           bssCOMRAM    000000
__Hcinit                               cinit        000000
__Hclrtext                             clrtext      000000
__Hcomram                              comram       000000
__Hconfig                              config       30000E
__Hconst                               const        000000
__HcstackCOMRAM                        cstackCOMRAM 000000
__Hdata                                data         000000
__HdataCOMRAM                          dataCOMRAM   000000
__Heeprom_data                         eeprom_data  000000
__Hfarbss                              farbss       000000
__Hfardata                             fardata      000000
__Hheap                                heap         000000
__Hibigdata                            ibigdata     000000
__Hidata                               idata        000000
__HidataCOMRAM                         idataCOMRAM  000000
__Hidloc                               idloc        200008
__Hifardata                            ifardata     000000
__Hinit                                init         000004
__Hintcode                             intcode      000000
__Hintcode_body                        intcode_body 000000
__Hintcodelo                           intcodelo    000000
__Hintentry                            intentry     000000
__Hintret                              intret       000000
__Hintsave_regs                        intsave_regs 000000
__Hirdata                              irdata       000000
__Hmediumconst                         mediumconst  000000
__HnvFARRAM                            nvFARRAM     000000
__Hnvbit                               nvbit        000000
__Hnvrram                              nvrram       000000
__Hparam                               rparam       000000
__Hpowerup                             powerup      000000
__Hram                                 ram          000000
__Hramtop                              ramtop       001000
__Hrbit                                rbit         000000
__Hrbss                                rbss         000000
__Hrdata                               rdata        000000
__Hreset_vec                           reset_vec    000000
__Hrparam                              rparam       000000
__Hsfr                                 sfr          000000
__Hsmallconst                          smallconst   000000
__Hspace_0                             (abs)        010000
__Hspace_1                             (abs)        00003D
__Hspace_2                             (abs)        000000
__Hspace_4                             (abs)        60000E
__Hstack                               stack        000000
__Hstruct                              struct       000000
__Htemp                                temp         000000
__Htext                                text         000000
__Htext0                               text0        000000
__Htext1                               text1        000000
__Htext2                               text2        000000
__Htext3                               text3        000000
__Htext4                               text4        000000
__Htext5                               text5        000000
__Htext6                               text6        000000
__Htext7                               text7        000000
__LRAM                                 (abs)        000001
__L__absolute__                        __absolute__ 000000
__Labs1                                abs1         000000
__Lbank0                               bank0        000000
__Lbank1                               bank1        000000
__Lbank10                              bank10       000000
__Lbank11                              bank11       000000
__Lbank12                              bank12       000000
__Lbank13                              bank13       000000
__Lbank14                              bank14       000000
__Lbank15                              bank15       000000
__Lbank2                               bank2        000000
__Lbank3                               bank3        000000
__Lbank4                               bank4        000000
__Lbank5                               bank5        000000
__Lbank6                               bank6        000000
__Lbank7                               bank7        000000
__Lbank8                               bank8        000000
__Lbank9                               bank9        000000
__Lbigbss                              bigbss       000000
__Lbigdata                             bigdata      000000
__Lbigram                              bigram       000000
__Lbigsfr                              bigsfr       000000
__Lbss                                 bss          000000
__LbssCOMRAM                           bssCOMRAM    000000
__Lcinit                               cinit        000000
__Lclrtext                             clrtext      000000
__Lcomram                              comram       000000
__Lconfig                              config       000000
__Lconst                               const        000000
__LcstackCOMRAM                        cstackCOMRAM 000000
__Ldata                                data         000000
__LdataCOMRAM                          dataCOMRAM   000000
__Leeprom_data                         eeprom_data  000000
__Lfarbss                              farbss       000000
__Lfardata                             fardata      000000
__Lheap                                heap         000000
__Libigdata                            ibigdata     000000
__Lidata                               idata        000000
__LidataCOMRAM                         idataCOMRAM  000000
__Lidloc                               idloc        000000
__Lifardata                            ifardata     000000
__Linit                                init         000000
__Lintcode                             intcode      000000
__Lintcode_body                        intcode_body 000000
__Lintcodelo                           intcodelo    000000
__Lintentry                            intentry     000000
__Lintret                              intret       000000
__Lintsave_regs                        intsave_regs 000000
__Lirdata                              irdata       000000
__Lmediumconst                         mediumconst  000000
__LnvFARRAM                            nvFARRAM     000000
__Lnvbit                               nvbit        000000
__Lnvrram                              nvrram       000000
__Lparam                               rparam       000000
__Lpowerup                             powerup      000000
__Lram                                 ram          000000
__Lramtop                              ramtop       001000
__Lrbit                                rbit         000000
__Lrbss                                rbss         000000
__Lrdata                               rdata        000000
__Lreset_vec                           reset_vec    000000
__Lrparam                              rparam       000000
__Lsfr                                 sfr          000000
__Lsmallconst                          smallconst   000000
__Lspace_0                             (abs)        000000
__Lspace_1                             (abs)        000000
__Lspace_2                             (abs)        000000
__Lspace_4                             (abs)        000000
__Lstack                               stack        000000
__Lstruct                              struct       000000
__Ltemp                                temp         000000
__Ltext                                text         000000
__Ltext0                               text0        000000
__Ltext1                               text1        000000
__Ltext2                               text2        000000
__Ltext3                               text3        000000
__Ltext4                               text4        000000
__Ltext5                               text5        000000
__Ltext6                               text6        000000
__Ltext7                               text7        000000
__S0                                   (abs)        010000
__S1                                   (abs)        00003D
__S4                                   (abs)        000000
__S5                                   (abs)        000000
___heap_hi                             (abs)        000000
___heap_lo                             (abs)        000000
___inthi_sp                            stack        000000
___intlo_sp                            stack        000000
___param_bank                          (abs)        000000
___rparam_used                         (abs)        000001
___sp                                  stack        000000
__accesstop                            (abs)        000080
__activetblptr                         (abs)        000002
__end_of__initialization               cinit        00FD26
__end_of_application_initialization    text3        00FC9C
__end_of_button_initialize             text6        00FC7A
__end_of_button_read_state             text1        00FE62
__end_of_gpio_pin_directoin_initialize text7        010000
__end_of_gpio_pin_initialize           text4        00FCFC
__end_of_gpio_pin_read_logic           text2        00FD8E
__end_of_gpio_pin_write_logic          text5        00FF2A
__end_of_main                          text0        00FDF6
__initialization                       cinit        00FCFC
__mediumconst                          mediumconst  000000
__pbssCOMRAM                           bssCOMRAM    000038
__pcinit                               cinit        00FCFC
__pcstackCOMRAM                        cstackCOMRAM 00002D
__pdataCOMRAM                          dataCOMRAM   000001
__pidataCOMRAM                         idataCOMRAM  00FC9C
__ptext0                               text0        00FD8E
__ptext1                               text1        00FDF6
__ptext2                               text2        00FD30
__ptext3                               text3        00FC7A
__ptext4                               text4        00FCC8
__ptext5                               text5        00FE62
__ptext6                               text6        00FC62
__ptext7                               text7        00FF2A
__ramtop                               ramtop       001000
__smallconst                           smallconst   000000
_application_initialization            text3        00FC7A
_btn0                                  dataCOMRAM   000027
_btn0_status                           dataCOMRAM   00002A
_btn1                                  dataCOMRAM   000024
_btn1_status                           dataCOMRAM   000023
_btn_flag                              bssCOMRAM    00003B
_button_initialize                     text6        00FC62
_button_read_state                     text1        00FDF6
_gpio_pin_directoin_initialize         text7        00FF2A
_gpio_pin_initialize                   text4        00FCC8
_gpio_pin_read_logic                   text2        00FD30
_gpio_pin_write_logic                  text5        00FE62
_last_valid_status                     dataCOMRAM   00001F
_logic_status                          bssCOMRAM    00003C
_main                                  text0        00FD8E
_pin_RC0                               dataCOMRAM   00002C
_pin_RC1                               dataCOMRAM   00002B
_valid                                 bssCOMRAM    000038
_valid_status                          dataCOMRAM   000021
button_initialize@Button               cstackCOMRAM 000034
button_initialize@ret                  cstackCOMRAM 000035
button_read_state@Button               cstackCOMRAM 000033
button_read_state@Pin_Logic_Status     cstackCOMRAM 000037
button_read_state@btn_state            cstackCOMRAM 000034
button_read_state@ret                  cstackCOMRAM 000036
end_of_initialization                  cinit        00FD26
gpio_pin_directoin_initialize@pin      cstackCOMRAM 00002D
gpio_pin_directoin_initialize@ret      cstackCOMRAM 000033
gpio_pin_initialize@pin                cstackCOMRAM 000035
gpio_pin_initialize@ret                cstackCOMRAM 000036
gpio_pin_read_logic@logic              cstackCOMRAM 00002E
gpio_pin_read_logic@pin                cstackCOMRAM 00002D
gpio_pin_write_logic@logic             cstackCOMRAM 00002E
gpio_pin_write_logic@pin               cstackCOMRAM 00002D
gpio_pin_write_logic@ret               cstackCOMRAM 000034
intlevel0                              text         000000
intlevel1                              text         000000
intlevel2                              text         000000
intlevel3                              text         000000
isa$std                                (abs)        000001
isa$xinst                              (abs)        000000
stackhi                                (abs)        000000
stacklo                                (abs)        000000
start                                  init         000000
start_initialization                   cinit        00FCFC


MODULE INFORMATION

Module		Function		Class		Link	Load	Size
Application.c
		_main          		CODE           	FD8E	0000	104
		_application_initialization		CODE           	FC7A	0000	34

Application.c estimated size: 138

shared
		__initialization		CODE           	FCFC	0000	42

shared estimated size: 42

MCAL_Layer/GPIO/HAL_GPIO.c
		_gpio_pin_write_logic		CODE           	FE62	0000	200
		_gpio_pin_read_logic		CODE           	FD30	0000	94
		_gpio_pin_directoin_initialize		CODE           	FF2A	0000	214
		_gpio_pin_initialize		CODE           	FCC8	0000	52

MCAL_Layer/GPIO/HAL_GPIO.c estimated size: 560

ECU_Layer/Push_Button/ECU_Push_Button.c
		_button_read_state		CODE           	FDF6	0000	108
		_button_initialize		CODE           	FC62	0000	24

ECU_Layer/Push_Button/ECU_Push_Button.c estimated size: 132

