Microchip MPLAB XC8 Compiler V2.41

Linker command line:

-W-3 \
  --edf=C:\Program Files\Microchip\xc8\v2.41\pic\dat\20230208172133_en.msgs \
  -cn -h+dist/default/production\Seven_Segment_Driver.production.sym \
  --cmf=dist/default/production\Seven_Segment_Driver.production.cmf -z \
  -Q18F4620 -oC:\Users\maag7\AppData\Local\Temp\xcAs780.\driver_tmp_3.o \
  --defsym=__MPLAB_BUILD=1 --fixupoverflow=error \
  -Mdist/default/production/Seven_Segment_Driver.production.map \
  --md=C:\Users\maag7\AppData\Local\Temp\xcAs780.\driver_tmp_0.dat -E1 \
  -ver=XC8 Compiler --acfsm=1493 -ACODE=00h-0FFFFh -ACONST=00h-0FFFFh \
  -ASMALLCONST=01000h-010FFhx240 -AMEDIUMCONST=01000h-0FFFFh \
  -ACOMRAM=01h-07Fh -AABS1=00h-0F7Fh -ABIGRAM=01h-0F7Fh \
  -ARAM=080h-0FFh,0100h-01FFhx14,0F00h-0F7Fh -ABANK0=080h-0FFh \
  -ABANK1=0100h-01FFh -ABANK2=0200h-02FFh -ABANK3=0300h-03FFh \
  -ABANK4=0400h-04FFh -ABANK5=0500h-05FFh -ABANK6=0600h-06FFh \
  -ABANK7=0700h-07FFh -ABANK8=0800h-08FFh -ABANK9=0900h-09FFh \
  -ABANK10=0A00h-0AFFh -ABANK11=0B00h-0BFFh -ABANK12=0C00h-0CFFh \
  -ABANK13=0D00h-0DFFh -ABANK14=0E00h-0EFFh -ABANK15=0F00h-0F7Fh \
  -ASFR=0F80h-0FFFh -ABIGSFR=0F80h-0FFFh -ACONFIG=0300000h-030000Dh \
  -AIDLOC=0200000h-0200007h -AEEDATA=0F00000h-0F003FFh -peeprom_data=EEDATA \
  -preset_vec=00h,intcode,intcodelo,powerup,init -pramtop=01000h \
  -psmallconst=SMALLCONST -pmediumconst=MEDIUMCONST -pconst=CONST \
  -AFARRAM=00h-00h \
  -prdata=COMRAM,nvrram=COMRAM,nvbit=COMRAM,rbss=COMRAM,rbit=COMRAM \
  -pfarbss=FARRAM,fardata=FARRAM,nvFARRAM=FARRAM \
  -pintsave_regs=BIGRAM,bigbss=BIGRAM,bigdata=BIGRAM -pbss=RAM \
  -pidata=CODE,irdata=CODE,ibigdata=CODE,ifardata=CODE -prparam=COMRAM \
  C:\Users\maag7\AppData\Local\Temp\xcAs780.\driver_tmp_9.o \
  dist/default/production\Seven_Segment_Driver.production.o 

Object code version is 3.11

Machine type is 18F4620



                Name                               Link     Load   Length Selector   Space Scale
C:\Users\maag7\AppData\Local\Temp\xcAs780.\driver_tmp_9.o
                idloc                            200000   200000        8        0       5
                config                           300000   300000        E        0       4
                init                                  0        0        4        0       0
dist/default/production\Seven_Segment_Driver.production.o
                idloc                            200000   200000        8        0       5
                config                           300000   300000        E        0       4
                text9                              FC3E     FC3E       C4     7E1F       0
                text8                              FB8E     FB8E       B0     7DC7       0
                text7                              F9FC     F9FC       46     7CFE       0
                text6                              F984     F984       3C     7CC2       0
                text5                              FEDA     FEDA      126     7F6D       0
                text4                              FDCC     FDCC      10E     7EE6       0
                text3                              FA42     FA42       4E     7D21       0
                text2                              FA90     FA90       66     7D48       0
                text1                              FAF6     FAF6       98     7D7B       0
                text0                              FD02     FD02       CA     7E81       0
                cstackCOMRAM                         3D       3D       11        1       1
                dataCOMRAM                            1        1       3C        1       1
                bssCOMRAM                            4E       4E        3        1       1
                cinit                              F954     F954       30     7CAA       0
                nvCOMRAM                             51       51        1        1       1
                idataCOMRAM                        F9C0     F9C0       3C     F9C0       0

TOTAL           Name                               Link     Load   Length     Space
        CLASS   CODE           
                init                                  0        0        4         0
                text9                              FC3E     FC3E       C4         0
                text8                              FB8E     FB8E       B0         0
                text7                              F9FC     F9FC       46         0
                text6                              F984     F984       3C         0
                text5                              FEDA     FEDA      126         0
                text4                              FDCC     FDCC      10E         0
                text3                              FA42     FA42       4E         0
                text2                              FA90     FA90       66         0
                text1                              FAF6     FAF6       98         0
                text0                              FD02     FD02       CA         0
                cinit                              F954     F954       30         0
                idataCOMRAM                        F9C0     F9C0       3C         0

        CLASS   CONST          

        CLASS   SMALLCONST     

        CLASS   MEDIUMCONST    

        CLASS   COMRAM         
                cstackCOMRAM                         3D       3D       11         1
                dataCOMRAM                            1        1       3C         1
                bssCOMRAM                            4E       4E        3         1
                nvCOMRAM                             51       51        1         1

        CLASS   ABS1           

        CLASS   BIGRAM         

        CLASS   RAM            

        CLASS   BANK0          

        CLASS   BANK1          

        CLASS   BANK2          

        CLASS   BANK3          

        CLASS   BANK4          

        CLASS   BANK5          

        CLASS   BANK6          

        CLASS   BANK7          

        CLASS   BANK8          

        CLASS   BANK9          

        CLASS   BANK10         

        CLASS   BANK11         

        CLASS   BANK12         

        CLASS   BANK13         

        CLASS   BANK14         

        CLASS   BANK15         

        CLASS   SFR            

        CLASS   BIGSFR         

        CLASS   CONFIG         
                config                           300000   300000        E         4

        CLASS   IDLOC          
                idloc                            200000   200000        8         5

        CLASS   EEDATA         

        CLASS   FARRAM         

        CLASS   HEAP           

        CLASS   STACK          



SEGMENTS        Name                           Load    Length   Top    Selector   Space  Class

                reset_vec                      000000  000004  000004         0       0  CODE    
                dataCOMRAM                     000001  000051  000052         1       1  COMRAM  
                cinit                          00F954  000030  00F984      7CAA       0  CODE    
                text6                          00F984  00003C  00F9C0      7CC2       0  CODE    
                idataCOMRAM                    00F9C0  00003C  00F9FC      F9C0       0  CODE    
                text7                          00F9FC  000046  00FA42      7CFE       0  CODE    
                text3                          00FA42  00004E  00FA90      7D21       0  CODE    
                text2                          00FA90  000066  00FAF6      7D48       0  CODE    
                text1                          00FAF6  000098  00FB8E      7D7B       0  CODE    
                text8                          00FB8E  0000B0  00FC3E      7DC7       0  CODE    
                text9                          00FC3E  0000C4  00FD02      7E1F       0  CODE    
                text0                          00FD02  0000CA  00FDCC      7E81       0  CODE    
                text4                          00FDCC  00010E  00FEDA      7EE6       0  CODE    
                text5                          00FEDA  000126  010000      7F6D       0  CODE    


UNUSED ADDRESS RANGES

        Name                Unused          Largest block    Delta
        BANK0            000080-0000FF               80
        BANK1            000100-0001FF              100
        BANK10           000A00-000AFF              100
        BANK11           000B00-000BFF              100
        BANK12           000C00-000CFF              100
        BANK13           000D00-000DFF              100
        BANK14           000E00-000EFF              100
        BANK15           000F00-000F7F               80
        BANK2            000200-0002FF              100
        BANK3            000300-0003FF              100
        BANK4            000400-0004FF              100
        BANK5            000500-0005FF              100
        BANK6            000600-0006FF              100
        BANK7            000700-0007FF              100
        BANK8            000800-0008FF              100
        BANK9            000900-0009FF              100
        BIGRAM           000052-000F7F              F2E
        BIGSFR           000F80-000FFF               80
        CODE             000004-00F953             F950
        COMRAM           000052-00007F               2E
        CONST            000004-00F953             F950
        EEDATA           F00000-F003FF              400
        MEDIUMCONST      001000-00F953             E954
        RAM              000080-000F7F              100
        SFR              000F80-000FFF               80
        SMALLCONST       001000-00F953              100

                                  Symbol Table

?___awdiv                               cstackCOMRAM 00003D
?___awmod                               cstackCOMRAM 00003D
_LATA                                   (abs)        000F89
_LATB                                   (abs)        000F8A
_LATC                                   (abs)        000F8B
_LATD                                   (abs)        000F8C
_LATE                                   (abs)        000F8D
_Lat_Register                           dataCOMRAM   00001F
_PORTA                                  (abs)        000F80
_PORTB                                  (abs)        000F81
_PORTC                                  (abs)        000F82
_PORTD                                  (abs)        000F83
_PORTE                                  (abs)        000F84
_Port_Register                          dataCOMRAM   000015
_Segment_1                              dataCOMRAM   000038
_TRISA                                  (abs)        000F92
_TRISB                                  (abs)        000F93
_TRISC                                  (abs)        000F94
_TRISD                                  (abs)        000F95
_TRISE                                  (abs)        000F96
_Tris_Register                          dataCOMRAM   000029
__7_seg_com_anode_values                dataCOMRAM   00000B
__7_seg_com_cathode_values              dataCOMRAM   000001
__HRAM                                  (abs)        000000
__H__absolute__                         __absolute__ 000000
__Habs1                                 abs1         000000
__Hbank0                                bank0        000000
__Hbank1                                bank1        000000
__Hbank10                               bank10       000000
__Hbank11                               bank11       000000
__Hbank12                               bank12       000000
__Hbank13                               bank13       000000
__Hbank14                               bank14       000000
__Hbank15                               bank15       000000
__Hbank2                                bank2        000000
__Hbank3                                bank3        000000
__Hbank4                                bank4        000000
__Hbank5                                bank5        000000
__Hbank6                                bank6        000000
__Hbank7                                bank7        000000
__Hbank8                                bank8        000000
__Hbank9                                bank9        000000
__Hbigbss                               bigbss       000000
__Hbigdata                              bigdata      000000
__Hbigram                               bigram       000000
__Hbigsfr                               bigsfr       000000
__Hbss                                  bss          000000
__HbssCOMRAM                            bssCOMRAM    000000
__Hcinit                                cinit        000000
__Hclrtext                              clrtext      000000
__Hcomram                               comram       000000
__Hconfig                               config       30000E
__Hconst                                const        000000
__HcstackCOMRAM                         cstackCOMRAM 000000
__Hdata                                 data         000000
__HdataCOMRAM                           dataCOMRAM   000000
__Heeprom_data                          eeprom_data  000000
__Hfarbss                               farbss       000000
__Hfardata                              fardata      000000
__Hheap                                 heap         000000
__Hibigdata                             ibigdata     000000
__Hidata                                idata        000000
__HidataCOMRAM                          idataCOMRAM  000000
__Hidloc                                idloc        200008
__Hifardata                             ifardata     000000
__Hinit                                 init         000004
__Hintcode                              intcode      000000
__Hintcode_body                         intcode_body 000000
__Hintcodelo                            intcodelo    000000
__Hintentry                             intentry     000000
__Hintret                               intret       000000
__Hintsave_regs                         intsave_regs 000000
__Hirdata                               irdata       000000
__Hmediumconst                          mediumconst  000000
__HnvCOMRAM                             nvCOMRAM     000000
__HnvFARRAM                             nvFARRAM     000000
__Hnvbit                                nvbit        000000
__Hnvrram                               nvrram       000000
__Hparam                                rparam       000000
__Hpowerup                              powerup      000000
__Hram                                  ram          000000
__Hramtop                               ramtop       001000
__Hrbit                                 rbit         000000
__Hrbss                                 rbss         000000
__Hrdata                                rdata        000000
__Hreset_vec                            reset_vec    000000
__Hrparam                               rparam       000000
__Hsfr                                  sfr          000000
__Hsmallconst                           smallconst   000000
__Hspace_0                              (abs)        010000
__Hspace_1                              (abs)        000052
__Hspace_2                              (abs)        000000
__Hspace_4                              (abs)        60000E
__Hstack                                stack        000000
__Hstruct                               struct       000000
__Htemp                                 temp         000000
__Htext                                 text         000000
__Htext0                                text0        000000
__Htext1                                text1        000000
__Htext2                                text2        000000
__Htext3                                text3        000000
__Htext4                                text4        000000
__Htext5                                text5        000000
__Htext6                                text6        000000
__Htext7                                text7        000000
__Htext8                                text8        000000
__Htext9                                text9        000000
__LRAM                                  (abs)        000001
__L__absolute__                         __absolute__ 000000
__Labs1                                 abs1         000000
__Lbank0                                bank0        000000
__Lbank1                                bank1        000000
__Lbank10                               bank10       000000
__Lbank11                               bank11       000000
__Lbank12                               bank12       000000
__Lbank13                               bank13       000000
__Lbank14                               bank14       000000
__Lbank15                               bank15       000000
__Lbank2                                bank2        000000
__Lbank3                                bank3        000000
__Lbank4                                bank4        000000
__Lbank5                                bank5        000000
__Lbank6                                bank6        000000
__Lbank7                                bank7        000000
__Lbank8                                bank8        000000
__Lbank9                                bank9        000000
__Lbigbss                               bigbss       000000
__Lbigdata                              bigdata      000000
__Lbigram                               bigram       000000
__Lbigsfr                               bigsfr       000000
__Lbss                                  bss          000000
__LbssCOMRAM                            bssCOMRAM    000000
__Lcinit                                cinit        000000
__Lclrtext                              clrtext      000000
__Lcomram                               comram       000000
__Lconfig                               config       000000
__Lconst                                const        000000
__LcstackCOMRAM                         cstackCOMRAM 000000
__Ldata                                 data         000000
__LdataCOMRAM                           dataCOMRAM   000000
__Leeprom_data                          eeprom_data  000000
__Lfarbss                               farbss       000000
__Lfardata                              fardata      000000
__Lheap                                 heap         000000
__Libigdata                             ibigdata     000000
__Lidata                                idata        000000
__LidataCOMRAM                          idataCOMRAM  000000
__Lidloc                                idloc        000000
__Lifardata                             ifardata     000000
__Linit                                 init         000000
__Lintcode                              intcode      000000
__Lintcode_body                         intcode_body 000000
__Lintcodelo                            intcodelo    000000
__Lintentry                             intentry     000000
__Lintret                               intret       000000
__Lintsave_regs                         intsave_regs 000000
__Lirdata                               irdata       000000
__Lmediumconst                          mediumconst  000000
__LnvCOMRAM                             nvCOMRAM     000000
__LnvFARRAM                             nvFARRAM     000000
__Lnvbit                                nvbit        000000
__Lnvrram                               nvrram       000000
__Lparam                                rparam       000000
__Lpowerup                              powerup      000000
__Lram                                  ram          000000
__Lramtop                               ramtop       001000
__Lrbit                                 rbit         000000
__Lrbss                                 rbss         000000
__Lrdata                                rdata        000000
__Lreset_vec                            reset_vec    000000
__Lrparam                               rparam       000000
__Lsfr                                  sfr          000000
__Lsmallconst                           smallconst   000000
__Lspace_0                              (abs)        000000
__Lspace_1                              (abs)        000000
__Lspace_2                              (abs)        000000
__Lspace_4                              (abs)        000000
__Lstack                                stack        000000
__Lstruct                               struct       000000
__Ltemp                                 temp         000000
__Ltext                                 text         000000
__Ltext0                                text0        000000
__Ltext1                                text1        000000
__Ltext2                                text2        000000
__Ltext3                                text3        000000
__Ltext4                                text4        000000
__Ltext5                                text5        000000
__Ltext6                                text6        000000
__Ltext7                                text7        000000
__Ltext8                                text8        000000
__Ltext9                                text9        000000
__S0                                    (abs)        010000
__S1                                    (abs)        000052
__S4                                    (abs)        000000
__S5                                    (abs)        000000
___awdiv                                text9        00FC3E
___awdiv@counter                        cstackCOMRAM 000041
___awdiv@dividend                       cstackCOMRAM 00003D
___awdiv@divisor                        cstackCOMRAM 00003F
___awdiv@quotient                       cstackCOMRAM 000043
___awdiv@sign                           cstackCOMRAM 000042
___awmod                                text8        00FB8E
___awmod@counter                        cstackCOMRAM 000041
___awmod@dividend                       cstackCOMRAM 00003D
___awmod@divisor                        cstackCOMRAM 00003F
___awmod@sign                           cstackCOMRAM 000042
___heap_hi                              (abs)        000000
___heap_lo                              (abs)        000000
___inthi_sp                             stack        000000
___intlo_sp                             stack        000000
___param_bank                           (abs)        000000
___rparam_used                          (abs)        000001
___sp                                   stack        000000
__accesstop                             (abs)        000080
__activetblptr                          (abs)        000002
__end_of___awdiv                        text9        00FD02
__end_of___awmod                        text8        00FC3E
__end_of__initialization                cinit        00F97A
__end_of_gpio_pin_directoin_initialize  text5        010000
__end_of_gpio_pin_initialize            text3        00FA90
__end_of_gpio_pin_write_logic           text4        00FEDA
__end_of_gpio_port_directoin_initialize text7        00FA42
__end_of_gpio_port_write_logic          text6        00F9C0
__end_of_main                           text0        00FDCC
__end_of_seven_segment_initialize       text2        00FAF6
__end_of_seven_segment_out_number       text1        00FB8E
__initialization                        cinit        00F954
__mediumconst                           mediumconst  000000
__pbssCOMRAM                            bssCOMRAM    00004E
__pcinit                                cinit        00F954
__pcstackCOMRAM                         cstackCOMRAM 00003D
__pdataCOMRAM                           dataCOMRAM   000001
__pidataCOMRAM                          idataCOMRAM  00F9C0
__pnvCOMRAM                             nvCOMRAM     000051
__ptext0                                text0        00FD02
__ptext1                                text1        00FAF6
__ptext2                                text2        00FA90
__ptext3                                text3        00FA42
__ptext4                                text4        00FDCC
__ptext5                                text5        00FEDA
__ptext6                                text6        00F984
__ptext7                                text7        00F9FC
__ptext8                                text8        00FB8E
__ptext9                                text9        00FC3E
__ramtop                                ramtop       001000
__smallconst                            smallconst   000000
_counter                                nvCOMRAM     000051
_counter2                               bssCOMRAM    000050
_delay_val                              dataCOMRAM   000033
_gpio_pin_directoin_initialize          text5        00FEDA
_gpio_pin_initialize                    text3        00FA42
_gpio_pin_write_logic                   text4        00FDCC
_gpio_port_directoin_initialize         text7        00F9FC
_gpio_port_write_logic                  text6        00F984
_hours                                  dataCOMRAM   000035
_main                                   text0        00FD02
_minutes                                dataCOMRAM   000036
_ones                                   bssCOMRAM    00004F
_seconds                                dataCOMRAM   000037
_seven_segment_initialize               text2        00FA90
_seven_segment_out_number               text1        00FAF6
_tens                                   bssCOMRAM    00004E
end_of_initialization                   cinit        00F97A
gpio_pin_directoin_initialize@pin       cstackCOMRAM 00003D
gpio_pin_directoin_initialize@ret       cstackCOMRAM 000045
gpio_pin_initialize@pin                 cstackCOMRAM 000047
gpio_pin_initialize@ret                 cstackCOMRAM 000049
gpio_pin_write_logic@logic              cstackCOMRAM 00003F
gpio_pin_write_logic@pin                cstackCOMRAM 00003D
gpio_pin_write_logic@ret                cstackCOMRAM 000046
gpio_port_directoin_initialize@dir      cstackCOMRAM 00003D
gpio_port_directoin_initialize@port     cstackCOMRAM 000041
gpio_port_directoin_initialize@ret      cstackCOMRAM 000040
gpio_port_write_logic@logic             cstackCOMRAM 00003D
gpio_port_write_logic@port              cstackCOMRAM 000040
intlevel0                               text         000000
intlevel1                               text         000000
intlevel2                               text         000000
intlevel3                               text         000000
isa$std                                 (abs)        000001
isa$xinst                               (abs)        000000
seven_segment_initialize@_7_seg         cstackCOMRAM 00004A
seven_segment_initialize@ret            cstackCOMRAM 00004C
seven_segment_out_number@_7_seg         cstackCOMRAM 000047
seven_segment_out_number@number         cstackCOMRAM 000049
seven_segment_out_number@ret            cstackCOMRAM 00004A
stackhi                                 (abs)        000000
stacklo                                 (abs)        000000
start                                   init         000000
start_initialization                    cinit        00F954


MODULE INFORMATION

Module		Function		Class		Link	Load	Size
C:\Program Files\Microchip\xc8\v2.41\pic\sources\c99\common\awmod.c
		___awmod       		CODE           	FB8E	0000	176

C:\Program Files\Microchip\xc8\v2.41\pic\sources\c99\common\awmod.c estimated size: 176

ECU_Layer/Seven_Segment/Seven_Segment.c
		_seven_segment_out_number		CODE           	FAF6	0000	152
		_seven_segment_initialize		CODE           	FA90	0000	102

ECU_Layer/Seven_Segment/Seven_Segment.c estimated size: 254

C:\Program Files\Microchip\xc8\v2.41\pic\sources\c99\common\awdiv.c
		___awdiv       		CODE           	FC3E	0000	196

C:\Program Files\Microchip\xc8\v2.41\pic\sources\c99\common\awdiv.c estimated size: 196

Application.c
		_main          		CODE           	FD02	0000	202

Application.c estimated size: 202

shared
		__initialization		CODE           	F954	0000	38

shared estimated size: 38

MCAL_Layer/GPIO/HAL_GPIO.c
		_gpio_pin_write_logic		CODE           	FDCC	0000	270
		_gpio_pin_directoin_initialize		CODE           	FEDA	0000	294
		_gpio_port_directoin_initialize		CODE           	F9FC	0000	70
		_gpio_pin_initialize		CODE           	FA42	0000	78
		_gpio_port_write_logic		CODE           	F984	0000	60

MCAL_Layer/GPIO/HAL_GPIO.c estimated size: 772

